------------------------------------------------------------------------------------------------------------------------------------------------------------------
      name:  <unnamed>
       log:  W:\epguest\seiro_ito\geolocfile.log
  log type:  text
 opened on:   3 Feb 2026, 09:43:06

. 
. ** Open the geolocation file and produce geoloc file
.         use "W:\epguest\seiro_ito\IRP5_Geo.dta", clear

.         rename IRP5IT3aID irp5it3aid

.         rename TaxYear taxyear

.         rename PAYERefno payereferenceno

.         destring taxyear, replace
taxyear: all characters numeric; replaced as int

.         keep if taxyear==2015
(258,368,684 observations deleted)

.         save "W:\epguest\seiro_ito\data\GeoLocFile.dta", replace
file W:\epguest\seiro_ito\data\GeoLocFile.dta saved

.         
. ** Open the irp5 e5 data
.         use "W:\epadmin\noreen_kajugusi\WaterCrisis\data\irp5_e5.dta", clear

.         keep if natureofperson == "A"
(63,782,944 observations deleted)

.         keep taxrefno payereferenceno

.         duplicates drop

Duplicates in terms of all variables

(148,195,434 observations deleted)

.         save "W:\epguest\seiro_ito\data\smallIRP5.dta", replace
file W:\epguest\seiro_ito\data\smallIRP5.dta saved

.         
. ** A. 1. Use existing info
.         use "W:\epguest\seiro_ito\data\GeoLocFile.dta", clear

.         merge m:1 payereferenceno using "W:\epguest\seiro_ito\data\smallIRP5.dta"

    Result                      Number of obs
    -----------------------------------------
    Not matched                     4,664,713
        from master                 4,421,751  (_merge==1)
        from using                    242,962  (_merge==2)

    Matched                        14,045,490  (_merge==3)
    -----------------------------------------

.         *keep matched obs from both datasets and unmatched obs from geolocfile
.         keep if _m==3
(4,664,713 observations deleted)

.         cap drop _m

.         save "W:\epguest\seiro_ito\data\GeoLF.dta", replace
file W:\epguest\seiro_ito\data\GeoLF.dta saved

.         
. ** A. 2. Use existing info      
.         use "W:\epguest\seiro_ito\data\GeoLF.dta", clear

.         drop if Bus_adr_Geo_Munic == ""
(1,358,266 observations deleted)

.         preserve

.         duplicates tag irp5it3aid, gen(dup_irp5)

Duplicates in terms of irp5it3aid

.         bys taxrefno: egen firm_has_dup = max(dup_irp5)

.         bys taxrefno: keep if _n==1
(12,438,064 observations deleted)

.         count if firm_has_dup==1 
  34

.         *34 firms have duplicated irp5it3aids
.         restore

.         *just keep one observation per irpit3aid for these obs that are duplicated
.         bys irp5it3aid: keep if _n==1
(485 observations deleted)

.         *merge with the irp5 dataset 
.         merge 1:1 irp5it3aid payereferenceno taxrefno using "W:\epadmin\noreen_kajugusi\WaterCrisis\data\irp5_e5.dta"

    Result                      Number of obs
    -----------------------------------------
    Not matched                   199,855,195
        from master                    32,852  (_merge==1)
        from using                199,822,343  (_merge==2)

    Matched                        12,653,887  (_merge==3)
    -----------------------------------------

.         keep if _m==2|_m==3
(32,852 observations deleted)

.         keep if natureofperson == "A"
(63,782,944 observations deleted)

.         
.         *assign a value of 1 if for the UID and taxrefno, the new LocMuni info in 2015 exists (and not missing)
.         cap drop locmuni_2015

.         bys UID taxrefno: egen locmuni_2015 = max(cond(taxyear==2015 & !missing(Bus_adr_Geo_Munic), 1, .))
(86,547,560 missing values generated)

.         replace locmuni_2015 = 0 if Bus_adr_Geo_Munic == ""
(136,777,657 real changes made)

.         bys UID taxrefno: egen ever_locmuni_2015 = max(locmuni_2015)

.         
.         *indicator variable for the old missing geo info (municipality level) in 2014
.         cap drop geo_missing_2014

.         gen geo_missing_2014 = 0

.         replace geo_missing_2014 = 1 if buslocmuni_geo== "" & taxyear==2014
(76,739 real changes made)

.         label var geo_missing_2014 "Local municipality info in old geo is misisng in 2014"

.         bys UID taxrefno: egen ever_geo_missing_2014 = max(geo_missing_2014)

.         
.         cap drop geo_missing_2015

.         gen geo_missing_2015 = 0

.         replace geo_missing_2015 = 1 if buslocmuni_geo== "" & taxyear==2015
(76,693 real changes made)

.         label var geo_missing_2015 "Local municipality info in old geo is misisng in 2015"

.         bys UID taxrefno: egen ever_geo_missing_2015 = max(geo_missing_2015)

.         
.         *copy local muni from 2015 to previous taxyears (2014)
.         *only if that uid-taxrefno has missing geo_info (at municipality level) in 2014 & 2015
.         sort UID taxrefno (taxyear)

.         bys UID taxrefno (taxyear): replace Bus_adr_Geo_Munic=Bus_adr_Geo_Munic[_n+1]  ///
>                 if ever_locmuni_2015==1 & ever_geo_missing_2014==1 & ever_geo_missing_2015==1 & taxyear==2014
(20,031 real changes made)

.                 
.         count if Bus_adr_Geo_Munic != "" & buslocmuni_geo == "" & taxyear==2014
  19,463

. 
.         cap log close
